// Vitest Snapshot v1, https://vitest.dev/guide/snapshot.html

exports[`SellerNotes > renders correctly and matches snapshot 1`] = `
<div>
  <div
    class="rounded-md border bg-white p-6"
  >
    <h2
      class="mb-4 text-lg font-semibold"
    >
      Seller Notes
    </h2>
    <p
      class="text-sm text-gray-700"
    >
      Excelente estado general, mantenido en taller oficial. Inspección técnica al día, sin siniestros reportados. Interior como nuevo, se entrega con mantención recién hecha. Llantas originales y neumáticos nuevos.
    </p>
  </div>
</div>
`;
